\BOOKMARK [0][-]{chapter.1}{\376\377\000S\000t\000r\000e\000s\000z\000c\000z\000e\000n\000i\000e}{}% 1
\BOOKMARK [0][-]{chapter.2}{\376\377\000O\000p\000i\000s\000\040\000z\000a\001\102\000o\001\174\000e\001\104\000\040\000p\000r\000o\000j\000e\000k\000t\000u}{}% 2
\BOOKMARK [1][-]{section.2.1}{\376\377\000C\000e\000l\000\040\000p\000r\000o\000j\000e\000k\000t\000u}{chapter.2}% 3
\BOOKMARK [1][-]{section.2.2}{\376\377\000Z\000a\000k\000r\000e\000s\000\040\000f\000u\000n\000k\000c\000j\000o\000n\000a\000l\000n\000o\001\133\000c\000i}{chapter.2}% 4
\BOOKMARK [0][-]{chapter.3}{\376\377\000O\000p\000i\000s\000\040\000s\000t\000r\000u\000k\000t\000u\000r\000y\000\040\000p\000r\000o\000j\000e\000k\000t\000u}{}% 5
\BOOKMARK [1][-]{section.3.1}{\376\377\000W\000y\000k\000o\000r\000z\000y\000s\000t\000a\000n\000i\000e\000\040\000n\000a\000r\000z\001\031\000d\000z\000i\000a\000\040\000A\000I}{chapter.3}% 6
\BOOKMARK [1][-]{section.3.2}{\376\377\000N\000a\000r\000z\001\031\000d\000z\000i\000e\000\040\000p\000r\000o\000j\000e\000k\000t\000o\000w\000e\000\040\000-\000\040\000F\000i\000g\000m\000a}{chapter.3}% 7
\BOOKMARK [1][-]{section.3.3}{\376\377\000M\000o\000t\000y\000w\000\040\000k\000o\000l\000o\000r\000y\000s\000t\000y\000c\000z\000n\000y\000,\000\040\000t\000y\000p\000o\000g\000r\000a\000f\000i\000a\000\040\000i\000\040\000k\000o\000m\000p\000o\000n\000e\000n\000t\000y}{chapter.3}% 8
\BOOKMARK [1][-]{section.3.4}{\376\377\000D\000e\000f\000i\000n\000i\000c\000j\000a\000\040\000r\000\363\000l\000\040\000u\001\174\000y\000t\000k\000o\000w\000n\000i\000k\000\363\000w}{chapter.3}% 9
\BOOKMARK [1][-]{section.3.5}{\376\377\000F\000u\000n\000k\000c\000j\000o\000n\000a\000l\000n\000o\001\133\000c\000i\000\040\000s\000y\000s\000t\000e\000m\000o\000w\000e}{chapter.3}% 10
\BOOKMARK [1][-]{section.3.6}{\376\377\000L\000o\000g\000i\000k\000a\000\040\000p\000r\000z\000e\000p\001\102\000y\000w\000u\000\040\000u\001\174\000y\000t\000k\000o\000w\000n\000i\000k\000a}{chapter.3}% 11
\BOOKMARK [1][-]{section.3.7}{\376\377\000S\000p\000e\000c\000y\000f\000i\000k\000a\000\040\000i\000n\000t\000e\000r\000f\000e\000j\000s\000u\000\040\000w\000\040\000w\000e\000r\000s\000j\000i\000\040\000d\000e\000s\000k\000t\000o\000p\000o\000w\000e\000j}{chapter.3}% 12
\BOOKMARK [1][-]{section.3.8}{\376\377\000A\000d\000a\000p\000t\000a\000c\000j\000a\000\040\000w\000i\000d\000o\000k\000u\000\040\000d\000l\000a\000\040\000u\000r\000z\001\005\000d\000z\000e\001\104\000\040\000m\000o\000b\000i\000l\000n\000y\000c\000h}{chapter.3}% 13
\BOOKMARK [0][-]{chapter.4}{\376\377\000P\000r\000e\000z\000e\000n\000t\000a\000c\000j\000a\000\040\000w\000a\000r\000s\000t\000w\000y\000\040\000u\001\174\000y\000t\000k\000o\000w\000e\000j\000\040\000p\000r\000o\000j\000e\000k\000t\000u}{}% 14
\BOOKMARK [1][-]{section.4.1}{\376\377\000M\000o\000d\000u\001\102\000\040\000g\001\102\000\363\000w\000n\000y\000,\000\040\000m\000e\000n\000u\000\040\000p\000r\000o\000d\000u\000k\000t\000o\000w\000e\000\040\000o\000r\000a\000z\000\040\000k\000o\000s\000z\000y\000k}{chapter.4}% 15
\BOOKMARK [1][-]{section.4.2}{\376\377\000K\000o\000n\000f\000i\000g\000u\000r\000a\000t\000o\000r\000\040\000p\000r\000o\000d\000u\000k\000t\000u\000\040\000-\000\040\000K\000r\000e\000a\000t\000o\000r\000\040\000P\000i\000z\000z\000y}{chapter.4}% 16
\BOOKMARK [1][-]{section.4.3}{\376\377\000P\000a\000n\000e\000l\000\040\000k\000l\000i\000e\000n\000t\000a}{chapter.4}% 17
\BOOKMARK [1][-]{section.4.4}{\376\377\000P\000a\000n\000e\000l\000\040\000a\000d\000m\000i\000n\000a}{chapter.4}% 18
\BOOKMARK [0][-]{chapter.5}{\376\377\000I\000m\000p\000l\000e\000m\000e\000n\000t\000a\000c\000j\000a\000\040\000w\000i\000d\000o\000k\000\363\000w}{}% 19
\BOOKMARK [0][-]{chapter.6}{\376\377\000P\000o\000d\000s\000u\000m\000o\000w\000a\000n\000i\000e}{}% 20
\BOOKMARK [1][-]{section*.33}{\376\377\000S\000p\000i\000s\000\040\000r\000y\000s\000u\000n\000k\000\363\000w}{chapter.6}% 21
