This is pdfTeX, Version 3.141592653-2.6-1.40.28 (MiKTeX 25.12) (preloaded format=pdflatex 2026.1.9)  27 MAY 2026 19:27
entering extended mode
 restricted \write18 enabled.
 file:line:error style messages enabled.
 %&-line parsing enabled.
**c:/Users/Admin/Desktop/Dokumentacja-PIU/Dokumentacja/praca.tex
(c:/Users/Admin/Desktop/Dokumentacja-PIU/Dokumentacja/praca.tex
LaTeX2e <2025-11-01>
L3 programming layer <2025-12-24>
(urdpl.cls *** [urdpl.cls] --- (ZG, EZ) v1.0 <19.09.2024> ***
Document Class: urdpl 
(C:\Users\Admin\AppData\Local\Programs\MiKTeX\tex/latex/base\report.cls
Document Class: report 2025/01/22 v1.4n Standard LaTeX document class
(C:\Users\Admin\AppData\Local\Programs\MiKTeX\tex/latex/base\size10.clo
File: size10.clo 2025/01/22 v1.4n Standard LaTeX file (size option)
)
\c@part=\count275
\c@chapter=\count276
\c@section=\count277
\c@subsection=\count278
\c@subsubsection=\count279
\c@paragraph=\count280
\c@subparagraph=\count281
\c@figure=\count282
\c@table=\count283
\abovecaptionskip=\skip49
\belowcaptionskip=\skip50
\bibindent=\dimen148
) (C:\Users\Admin\AppData\Local\Programs\MiKTeX\tex/latex/psnfss\times.sty
Package: times 2020/03/25 PSNFSS-v9.3 (SPQR) 
) (C:\Users\Admin\AppData\Local\Programs\MiKTeX\tex/latex/base\fontenc.sty
Package: fontenc 2025/07/18 v2.1d Standard LaTeX package
LaTeX Font Info:    Trying to load font information for T1+ptm on input line 116.
 (C:\Users\Admin\AppData\Local\Programs\MiKTeX\tex/latex/psnfss\t1ptm.fd
File: t1ptm.fd 2001/06/04 font definitions for T1/ptm.
)) (C:\Users\Admin\AppData\Local\Programs\MiKTeX\tex/latex/graphics\graphicx.sty
Package: graphicx 2024/12/31 v1.2e Enhanced LaTeX Graphics (DPC,SPQR)
 (C:\Users\Admin\AppData\Local\Programs\MiKTeX\tex/latex/graphics\keyval.sty
Package: keyval 2022/05/29 v1.15 key=value parser (DPC)
\KV@toks@=\toks17
) (C:\Users\Admin\AppData\Local\Programs\MiKTeX\tex/latex/graphics\graphics.sty
Package: graphics 2024/08/06 v1.4g Standard LaTeX Graphics (DPC,SPQR)
 (C:\Users\Admin\AppData\Local\Programs\MiKTeX\tex/latex/graphics\trig.sty
Package: trig 2023/12/02 v1.11 sin cos tan (DPC)
) (C:\Users\Admin\AppData\Local\Programs\MiKTeX\tex/latex/graphics-cfg\graphics.cfg
File: graphics.cfg 2016/06/04 v1.11 sample graphics configuration
)
Package graphics Info: Driver file: pdftex.def on input line 106.
 (C:\Users\Admin\AppData\Local\Programs\MiKTeX\tex/latex/graphics-def\pdftex.def
File: pdftex.def 2025/09/29 v1.2d Graphics/color driver for pdftex
))
\Gin@req@height=\dimen149
\Gin@req@width=\dimen150
) (C:\Users\Admin\AppData\Local\Programs\MiKTeX\tex/latex/geometry\geometry.sty
Package: geometry 2020/01/02 v5.9 Page Geometry
 (C:\Users\Admin\AppData\Local\Programs\MiKTeX\tex/generic/iftex\ifvtex.sty
Package: ifvtex 2019/10/25 v1.7 ifvtex legacy package. Use iftex instead.
 (C:\Users\Admin\AppData\Local\Programs\MiKTeX\tex/generic/iftex\iftex.sty
Package: iftex 2024/12/12 v1.0g TeX engine tests
))
\Gm@cnth=\count284
\Gm@cntv=\count285
\c@Gm@tempcnt=\count286
\Gm@bindingoffset=\dimen151
\Gm@wd@mp=\dimen152
\Gm@odd@mp=\dimen153
\Gm@even@mp=\dimen154
\Gm@layoutwidth=\dimen155
\Gm@layoutheight=\dimen156
\Gm@layouthoffset=\dimen157
\Gm@layoutvoffset=\dimen158
\Gm@dimlist=\toks18
 (C:\Users\Admin\AppData\Local\Programs\MiKTeX\tex/latex/geometry\geometry.cfg)) (C:\Users\Admin\AppData\Local\Programs\MiKTeX\tex/latex/graphics\color.sty
Package: color 2025/01/14 v1.3e Standard LaTeX Color (DPC)
 (C:\Users\Admin\AppData\Local\Programs\MiKTeX\tex/latex/graphics-cfg\color.cfg
File: color.cfg 2016/01/02 v1.6 sample color configuration
)
Package color Info: Driver file: pdftex.def on input line 149.
 (C:\Users\Admin\AppData\Local\Programs\MiKTeX\tex/latex/graphics\mathcolor.ltx)) (C:\Users\Admin\AppData\Local\Programs\MiKTeX\tex/latex/fancyhdr\fancyhdr.sty
Package: fancyhdr 2025/02/07 v5.2 Extensive control of page headers and footers
\f@nch@headwidth=\skip51
\f@nch@offset@elh=\skip52
\f@nch@offset@erh=\skip53
\f@nch@offset@olh=\skip54
\f@nch@offset@orh=\skip55
\f@nch@offset@elf=\skip56
\f@nch@offset@erf=\skip57
\f@nch@offset@olf=\skip58
\f@nch@offset@orf=\skip59
\f@nch@height=\skip60
\f@nch@footalignment=\skip61
\f@nch@widthL=\skip62
\f@nch@widthC=\skip63
\f@nch@widthR=\skip64
\@temptokenb=\toks19
) (C:\Users\Admin\AppData\Local\Programs\MiKTeX\tex/latex/url\url.sty
\Urlmuskip=\muskip17
Package: url 2013/09/16  ver 3.4  Verb mode for urls, etc.
) (C:\Users\Admin\AppData\Local\Programs\MiKTeX\tex/latex/titlesec\titlesec.sty
Package: titlesec 2025/01/04 v2.17 Sectioning titles
\ttl@box=\box53
\beforetitleunit=\skip65
\aftertitleunit=\skip66
\ttl@plus=\dimen159
\ttl@minus=\dimen160
\ttl@toksa=\toks20
\titlewidth=\dimen161
\titlewidthlast=\dimen162
\titlewidthfirst=\dimen163
) (C:\Users\Admin\AppData\Local\Programs\MiKTeX\tex/latex/tocloft\tocloft.sty
Package: tocloft 2017/08/31 v2.3i parameterised ToC, etc., typesetting
Package tocloft Info: The document has chapter divisions on input line 51.
\cftparskip=\skip67
\cftbeforetoctitleskip=\skip68
\cftaftertoctitleskip=\skip69
\cftbeforepartskip=\skip70
\cftpartnumwidth=\skip71
\cftpartindent=\skip72
\cftbeforechapskip=\skip73
\cftchapindent=\skip74
\cftchapnumwidth=\skip75
\cftbeforesecskip=\skip76
\cftsecindent=\skip77
\cftsecnumwidth=\skip78
\cftbeforesubsecskip=\skip79
\cftsubsecindent=\skip80
\cftsubsecnumwidth=\skip81
\cftbeforesubsubsecskip=\skip82
\cftsubsubsecindent=\skip83
\cftsubsubsecnumwidth=\skip84
\cftbeforeparaskip=\skip85
\cftparaindent=\skip86
\cftparanumwidth=\skip87
\cftbeforesubparaskip=\skip88
\cftsubparaindent=\skip89
\cftsubparanumwidth=\skip90
\cftbeforeloftitleskip=\skip91
\cftafterloftitleskip=\skip92
\cftbeforefigskip=\skip93
\cftfigindent=\skip94
\cftfignumwidth=\skip95
\c@lofdepth=\count287
\c@lotdepth=\count288
\cftbeforelottitleskip=\skip96
\cftafterlottitleskip=\skip97
\cftbeforetabskip=\skip98
\cfttabindent=\skip99
\cfttabnumwidth=\skip100
) (C:\Users\Admin\AppData\Local\Programs\MiKTeX\tex/latex/caption\caption.sty
Package: caption 2023/08/05 v3.6o Customizing captions (AR)
 (C:\Users\Admin\AppData\Local\Programs\MiKTeX\tex/latex/caption\caption3.sty
Package: caption3 2023/07/31 v2.4d caption3 kernel (AR)
\caption@tempdima=\dimen164
\captionmargin=\dimen165
\caption@leftmargin=\dimen166
\caption@rightmargin=\dimen167
\caption@width=\dimen168
\caption@indent=\dimen169
\caption@parindent=\dimen170
\caption@hangindent=\dimen171
Package caption Info: Standard document class detected.
)
\c@caption@flags=\count289
\c@continuedfloat=\count290
) (C:\Users\Admin\AppData\Local\Programs\MiKTeX\tex/latex/caption\subcaption.sty
Package: subcaption 2023/07/28 v1.6b Sub-captions (AR)
Package caption Info: New subtype `subfigure' on input line 238.
\c@subfigure=\count291
Package caption Info: New subtype `subtable' on input line 238.
\c@subtable=\count292
) (C:\Users\Admin\AppData\Local\Programs\MiKTeX\tex/latex/siunitx\siunitx.sty
Package: siunitx 2025-07-09 v3.4.14 A comprehensive (SI) units package
\l__siunitx_number_uncert_offset_int=\count293
\l__siunitx_number_exponent_fixed_int=\count294
\l__siunitx_number_min_decimal_int=\count295
\l__siunitx_number_min_integer_int=\count296
\l__siunitx_number_round_precision_int=\count297
\l__siunitx_number_lower_threshold_int=\count298
\l__siunitx_number_upper_threshold_int=\count299
\l__siunitx_number_group_first_int=\count300
\l__siunitx_number_group_size_int=\count301
\l__siunitx_number_group_minimum_int=\count302
\l__siunitx_angle_tmp_dim=\dimen172
\l__siunitx_angle_marker_box=\box54
\l__siunitx_angle_unit_box=\box55
\l__siunitx_compound_count_int=\count303
 (C:\Users\Admin\AppData\Local\Programs\MiKTeX\tex/latex/translations\translations.sty
Package: translations 2022/02/05 v1.12 internationalization of LaTeX2e packages (CN)
 (C:\Users\Admin\AppData\Local\Programs\MiKTeX\tex/latex/etoolbox\etoolbox.sty
Package: etoolbox 2025/10/02 v2.5m e-TeX tools for LaTeX (JAW)
\etb@tempcnta=\count304
) (C:\Users\Admin\AppData\Local\Programs\MiKTeX\tex/generic/pdftexcmds\pdftexcmds.sty
Package: pdftexcmds 2020-06-27 v0.33 Utility functions of pdfTeX for LuaTeX (HO)
 (C:\Users\Admin\AppData\Local\Programs\MiKTeX\tex/generic/infwarerr\infwarerr.sty
Package: infwarerr 2019/12/03 v1.5 Providing info/warning/error messages (HO)
) (C:\Users\Admin\AppData\Local\Programs\MiKTeX\tex/generic/ltxcmds\ltxcmds.sty
Package: ltxcmds 2023-12-04 v1.26 LaTeX kernel commands for general use (HO)
)
Package pdftexcmds Info: \pdf@primitive is available.
Package pdftexcmds Info: \pdf@ifprimitive is available.
Package pdftexcmds Info: \pdfdraftmode found.
)) (C:\Users\Admin\AppData\Local\Programs\MiKTeX\tex/latex/amsmath\amstext.sty
Package: amstext 2024/11/17 v2.01 AMS text
 (C:\Users\Admin\AppData\Local\Programs\MiKTeX\tex/latex/amsmath\amsgen.sty
File: amsgen.sty 1999/11/30 v2.0 generic functions
\@emptytoks=\toks21
\ex@=\dimen173
))
\l__siunitx_table_tmp_box=\box56
\l__siunitx_table_tmp_dim=\dimen174
\l__siunitx_table_column_width_dim=\dimen175
\l__siunitx_table_integer_box=\box57
\l__siunitx_table_decimal_box=\box58
\l__siunitx_table_uncert_box=\box59
\l__siunitx_table_before_box=\box60
\l__siunitx_table_after_box=\box61
\l__siunitx_table_before_dim=\dimen176
\l__siunitx_table_carry_dim=\dimen177
\l__siunitx_unit_tmp_int=\count305
\l__siunitx_unit_position_int=\count306
\l__siunitx_unit_total_int=\count307
 (C:\Users\Admin\AppData\Local\Programs\MiKTeX\tex/latex/tools\array.sty
Package: array 2025/09/25 v2.6n Tabular extension package (FMi)
\col@sep=\dimen178
\ar@mcellbox=\box62
\extrarowheight=\dimen179
\NC@list=\toks22
\extratabsurround=\skip101
\backup@length=\skip102
\ar@cellbox=\box63
)) (C:\Users\Admin\AppData\Local\Programs\MiKTeX\tex/latex/tools\enumerate.sty
Package: enumerate 2023/07/04 v3.00 enumerate extensions (DPC)
\@enLab=\toks23
) (C:\Users\Admin\AppData\Local\Programs\MiKTeX\tex/latex/enumitem\enumitem.sty
Package: enumitem 2025/02/06 v3.11 Customized lists
\labelindent=\skip103
\enit@outerparindent=\dimen180
\enit@toks=\toks24
\enit@inbox=\box64
\enit@count@id=\count308
\enitdp@description=\count309
) (C:\Users\Admin\AppData\Local\Programs\MiKTeX\tex/latex/nowidow\nowidow.sty
Package: nowidow 2011/09/20 1.0 Easily prevent widows and orphans
Package: nowidow 
 (C:\Users\Admin\AppData\Local\Programs\MiKTeX\tex/latex/kvoptions\kvoptions.sty
Package: kvoptions 2022-06-15 v3.15 Key value format for package options (HO)
 (C:\Users\Admin\AppData\Local\Programs\MiKTeX\tex/latex/kvsetkeys\kvsetkeys.sty
Package: kvsetkeys 2022-10-05 v1.19 Key value parser (HO)
)))
\descriptiondashgap=\skip104
\eqwheremargin=\skip105
) (C:\Users\Admin\AppData\Local\Programs\MiKTeX\tex/generic/babel\babel.sty
Package: babel 2025/12/11 v25.17 The multilingual framework for LuaLaTeX, pdfLaTeX and XeLaTeX
\babel@savecnt=\count310
LaTeX Encoding Info:    Redeclaring text command \ij (encoding OT1) on input line 2068.
LaTeX Encoding Info:    Redeclaring text command \IJ (encoding OT1) on input line 2070.
LaTeX Encoding Info:    Redeclaring text command \ij (encoding T1) on input line 2072.
LaTeX Encoding Info:    Redeclaring text command \IJ (encoding T1) on input line 2073.
LaTeX Encoding Info:    Ignoring declaration for text command \ij (encoding ?) on input line 2074.
LaTeX Encoding Info:    Ignoring declaration for text command \IJ (encoding ?) on input line 2076.
LaTeX Encoding Info:    Ignoring declaration for text command \SS (encoding ?) on input line 2101.
\U@D=\dimen181
\l@unhyphenated=\language79
 (C:\Users\Admin\AppData\Local\Programs\MiKTeX\tex/generic/babel\txtbabel.def)
\bbl@readstream=\read2
\bbl@dirlevel=\count311
Package babel Info: Configuration files are deprecated, as
(babel)             they can break document portability.
(babel)             Reported on input line 4196.

*************************************
* Local config file bblopts.cfg used
*
(C:\Users\Admin\AppData\Local\Programs\MiKTeX\tex/latex/arabi\bblopts.cfg
File: bblopts.cfg 2005/09/08 v0.1 add Arabic and Farsi to "declared" options of babel
) (C:\Users\Admin\AppData\Local\Programs\MiKTeX\tex/generic/babel/locale/en\babel-english.tex) (C:\Users\Admin\AppData\Local\Programs\MiKTeX\tex/generic/babel/locale/pl\babel-polish.tex)
Package babel Info: Importing font and identification data for english
(babel)             from babel-en.ini. Reported on input line 4320.
 (C:\Users\Admin\AppData\Local\Programs\MiKTeX\tex/latex/babel-english\english.ldf
Language: english 2017/06/06 v3.3r English support from the babel system
Package babel Info: Hyphen rules for 'canadian' set to \l@english
(babel)             (\language0). Reported on input line 102.
Package babel Info: Hyphen rules for 'australian' set to \l@ukenglish
(babel)             (\language73). Reported on input line 105.
Package babel Info: Hyphen rules for 'newzealand' set to \l@ukenglish
(babel)             (\language73). Reported on input line 108.
)
Package babel Info: Importing font and identification data for polish
(babel)             from babel-pl.ini. Reported on input line 4320.
 (C:\Users\Admin\AppData\Local\Programs\MiKTeX\tex/latex/babel-polish\polish.ldf
Language: polish 2022/03/12 1.3 Babel support for Polish
Package babel Info: Making " an active character on input line 101.
)) (C:\Users\Admin\AppData\Local\Programs\MiKTeX\tex/latex/polski\polski.sty
Package: polski 2021/08/25 v1.3.6 Polish language package
) (C:\Users\Admin\AppData\Local\Programs\MiKTeX\tex/latex/base\inputenc.sty
Package: inputenc 2024/02/08 v1.3d Input encoding file
\inpenc@prehook=\toks25
\inpenc@posthook=\toks26
) (C:\Users\Admin\AppData\Local\Programs\MiKTeX\tex/latex/mathtools\mathtools.sty
Package: mathtools 2024/10/04 v1.31 mathematical typesetting tools
 (C:\Users\Admin\AppData\Local\Programs\MiKTeX\tex/latex/tools\calc.sty
Package: calc 2025/03/01 v4.3b Infix arithmetic (KKT,FJ)
\calc@Acount=\count312
\calc@Bcount=\count313
\calc@Adimen=\dimen182
\calc@Bdimen=\dimen183
\calc@Askip=\skip106
\calc@Bskip=\skip107
LaTeX Info: Redefining \setlength on input line 86.
LaTeX Info: Redefining \addtolength on input line 87.
\calc@Ccount=\count314
\calc@Cskip=\skip108
) (C:\Users\Admin\AppData\Local\Programs\MiKTeX\tex/latex/mathtools\mhsetup.sty
Package: mhsetup 2021/03/18 v1.4 programming setup (MH)
) (C:\Users\Admin\AppData\Local\Programs\MiKTeX\tex/latex/amsmath\amsmath.sty
Package: amsmath 2025/07/09 v2.17z AMS math features
\@mathmargin=\skip109

For additional information on amsmath, use the `?' option.
(C:\Users\Admin\AppData\Local\Programs\MiKTeX\tex/latex/amsmath\amsbsy.sty
Package: amsbsy 1999/11/29 v1.2d Bold Symbols
\pmbraise@=\dimen184
) (C:\Users\Admin\AppData\Local\Programs\MiKTeX\tex/latex/amsmath\amsopn.sty
Package: amsopn 2022/04/08 v2.04 operator names
)
\inf@bad=\count315
LaTeX Info: Redefining \frac on input line 233.
\uproot@=\count316
\leftroot@=\count317
LaTeX Info: Redefining \overline on input line 398.
LaTeX Info: Redefining \colon on input line 409.
\classnum@=\count318
\DOTSCASE@=\count319
LaTeX Info: Redefining \ldots on input line 495.
LaTeX Info: Redefining \dots on input line 498.
LaTeX Info: Redefining \cdots on input line 619.
\Mathstrutbox@=\box65
\strutbox@=\box66
LaTeX Info: Redefining \big on input line 721.
LaTeX Info: Redefining \Big on input line 722.
LaTeX Info: Redefining \bigg on input line 723.
LaTeX Info: Redefining \Bigg on input line 724.
\big@size=\dimen185
LaTeX Font Info:    Redeclaring font encoding OML on input line 742.
LaTeX Font Info:    Redeclaring font encoding OMS on input line 743.
\macc@depth=\count320
LaTeX Info: Redefining \bmod on input line 904.
LaTeX Info: Redefining \pmod on input line 909.
LaTeX Info: Redefining \smash on input line 939.
LaTeX Info: Redefining \relbar on input line 969.
LaTeX Info: Redefining \Relbar on input line 970.
\c@MaxMatrixCols=\count321
\dotsspace@=\muskip18
\c@parentequation=\count322
\dspbrk@lvl=\count323
\tag@help=\toks27
\row@=\count324
\column@=\count325
\maxfields@=\count326
\andhelp@=\toks28
\eqnshift@=\dimen186
\alignsep@=\dimen187
\tagshift@=\dimen188
\tagwidth@=\dimen189
\totwidth@=\dimen190
\lineht@=\dimen191
\@envbody=\toks29
\multlinegap=\skip110
\multlinetaggap=\skip111
\mathdisplay@stack=\toks30
LaTeX Info: Redefining \[ on input line 2950.
LaTeX Info: Redefining \] on input line 2951.
)
\g_MT_multlinerow_int=\count327
\l_MT_multwidth_dim=\dimen192
\origjot=\skip112
\l_MT_shortvdotswithinadjustabove_dim=\dimen193
\l_MT_shortvdotswithinadjustbelow_dim=\dimen194
\l_MT_above_intertext_sep=\dimen195
\l_MT_below_intertext_sep=\dimen196
\l_MT_above_shortintertext_sep=\dimen197
\l_MT_below_shortintertext_sep=\dimen198
\xmathstrut@box=\box67
\xmathstrut@dim=\dimen199
) (C:\Users\Admin\AppData\Local\Programs\MiKTeX\tex/latex/amsfonts\amsfonts.sty
Package: amsfonts 2013/01/14 v3.01 Basic AMSFonts support
\symAMSa=\mathgroup4
\symAMSb=\mathgroup5
LaTeX Font Info:    Redeclaring math symbol \hbar on input line 98.
LaTeX Font Info:    Overwriting math alphabet `\mathfrak' in version `bold'
(Font)                  U/euf/m/n --> U/euf/b/n on input line 106.
) (C:\Users\Admin\AppData\Local\Programs\MiKTeX\tex/latex/amscls\amsthm.sty
Package: amsthm 2020/05/29 v2.20.6
\thm@style=\toks31
\thm@bodyfont=\toks32
\thm@headfont=\toks33
\thm@notefont=\toks34
\thm@headpunct=\toks35
\thm@preskip=\skip113
\thm@postskip=\skip114
\thm@headsep=\skip115
\dth@everypar=\toks36
) (C:\Users\Admin\AppData\Local\Programs\MiKTeX\tex/latex/hyperref\hyperref.sty
Package: hyperref 2025-07-12 v7.01o Hypertext links for LaTeX
 (C:\Users\Admin\AppData\Local\Programs\MiKTeX\tex/generic/kvdefinekeys\kvdefinekeys.sty
Package: kvdefinekeys 2019-12-19 v1.6 Define keys (HO)
) (C:\Users\Admin\AppData\Local\Programs\MiKTeX\tex/generic/pdfescape\pdfescape.sty
Package: pdfescape 2019/12/09 v1.15 Implements pdfTeX's escape features (HO)
) (C:\Users\Admin\AppData\Local\Programs\MiKTeX\tex/latex/hycolor\hycolor.sty
Package: hycolor 2020-01-27 v1.10 Color options for hyperref/bookmark (HO)
) (C:\Users\Admin\AppData\Local\Programs\MiKTeX\tex/latex/hyperref\nameref.sty
Package: nameref 2025-06-21 v2.57 Cross-referencing by name of section
 (C:\Users\Admin\AppData\Local\Programs\MiKTeX\tex/latex/refcount\refcount.sty
Package: refcount 2019/12/15 v3.6 Data extraction from label references (HO)
) (C:\Users\Admin\AppData\Local\Programs\MiKTeX\tex/generic/gettitlestring\gettitlestring.sty
Package: gettitlestring 2019/12/15 v1.6 Cleanup title references (HO)
)
\c@section@level=\count328
) (C:\Users\Admin\AppData\Local\Programs\MiKTeX\tex/generic/stringenc\stringenc.sty
Package: stringenc 2019/11/29 v1.12 Convert strings between diff. encodings (HO)
)
\@linkdim=\dimen256
\Hy@linkcounter=\count329
\Hy@pagecounter=\count330
 (C:\Users\Admin\AppData\Local\Programs\MiKTeX\tex/latex/hyperref\pd1enc.def
File: pd1enc.def 2025-07-12 v7.01o Hyperref: PDFDocEncoding definition (HO)
Now handling font encoding PD1 ...
... no UTF-8 mapping file for font encoding PD1
) (C:\Users\Admin\AppData\Local\Programs\MiKTeX\tex/generic/intcalc\intcalc.sty
Package: intcalc 2019/12/15 v1.3 Expandable calculations with integers (HO)
)
\Hy@SavedSpaceFactor=\count331
 (C:\Users\Admin\AppData\Local\Programs\MiKTeX\tex/latex/hyperref\puenc.def
File: puenc.def 2025-07-12 v7.01o Hyperref: PDF Unicode definition (HO)
Now handling font encoding PU ...
... no UTF-8 mapping file for font encoding PU
)
Package hyperref Info: Hyper figures OFF on input line 4195.
Package hyperref Info: Link nesting OFF on input line 4200.
Package hyperref Info: Hyper index ON on input line 4203.
Package hyperref Info: Plain pages OFF on input line 4210.
Package hyperref Info: Backreferencing OFF on input line 4215.
Package hyperref Info: Implicit mode ON; LaTeX internals redefined.
Package hyperref Info: Bookmarks ON on input line 4462.
\c@Hy@tempcnt=\count332
LaTeX Info: Redefining \url on input line 4801.
\XeTeXLinkMargin=\dimen257
 (C:\Users\Admin\AppData\Local\Programs\MiKTeX\tex/generic/bitset\bitset.sty
Package: bitset 2019/12/09 v1.3 Handle bit-vector datatype (HO)
 (C:\Users\Admin\AppData\Local\Programs\MiKTeX\tex/generic/bigintcalc\bigintcalc.sty
Package: bigintcalc 2019/12/15 v1.5 Expandable calculations on big integers (HO)
))
\Fld@menulength=\count333
\Field@Width=\dimen258
\Fld@charsize=\dimen259
Package hyperref Info: Hyper figures OFF on input line 6078.
Package hyperref Info: Link nesting OFF on input line 6083.
Package hyperref Info: Hyper index ON on input line 6086.
Package hyperref Info: backreferencing OFF on input line 6093.
Package hyperref Info: Link coloring OFF on input line 6098.
Package hyperref Info: Link coloring with OCG OFF on input line 6103.
Package hyperref Info: PDF/A mode OFF on input line 6108.
\Hy@abspage=\count334
\c@Item=\count335
\c@Hfootnote=\count336
)
Package hyperref Info: Driver (autodetected): hpdftex.
 (C:\Users\Admin\AppData\Local\Programs\MiKTeX\tex/latex/hyperref\hpdftex.def
File: hpdftex.def 2025-07-12 v7.01o Hyperref driver for pdfTeX
\Fld@listcount=\count337
\c@bookmark@seq@number=\count338
 (C:\Users\Admin\AppData\Local\Programs\MiKTeX\tex/latex/rerunfilecheck\rerunfilecheck.sty
Package: rerunfilecheck 2025-06-21 v1.11 Rerun checks for auxiliary files (HO)
 (C:\Users\Admin\AppData\Local\Programs\MiKTeX\tex/generic/uniquecounter\uniquecounter.sty
Package: uniquecounter 2019/12/15 v1.4 Provide unlimited unique counter (HO)
)
Package uniquecounter Info: New unique counter `rerunfilecheck' on input line 284.
)
\Hy@SectionHShift=\skip116
) (C:\Users\Admin\AppData\Local\Programs\MiKTeX\tex/latex/float\float.sty
Package: float 2001/11/08 v1.3d Float enhancements (AL)
\c@float@type=\count339
\float@exts=\toks37
\float@box=\box68
\@float@everytoks=\toks38
\@floatcapt=\box69
) (C:\Users\Admin\AppData\Local\Programs\MiKTeX\tex/latex/listings\listings.sty
\lst@mode=\count340
\lst@gtempboxa=\box70
\lst@token=\toks39
\lst@length=\count341
\lst@currlwidth=\dimen260
\lst@column=\count342
\lst@pos=\count343
\lst@lostspace=\dimen261
\lst@width=\dimen262
\lst@newlines=\count344
\lst@lineno=\count345
\lst@maxwidth=\dimen263
 (C:\Users\Admin\AppData\Local\Programs\MiKTeX\tex/latex/listings\lstpatch.sty
File: lstpatch.sty 2025/11/14 1.11b (Carsten Heinz)
) (C:\Users\Admin\AppData\Local\Programs\MiKTeX\tex/latex/listings\lstmisc.sty
File: lstmisc.sty 2025/11/14 1.11b (Carsten Heinz)
\c@lstnumber=\count346
\lst@skipnumbers=\count347
\lst@framebox=\box71
) (C:\Users\Admin\AppData\Local\Programs\MiKTeX\tex/latex/listings\listings.cfg
File: listings.cfg 2025/11/14 1.11b listings configuration
))
Package: listings 2025/11/14 1.11b (Carsten Heinz)

==> First Aid for listings.sty no longer applied!
    Expected:
        2024/09/23 1.10c (Carsten Heinz)
    but found:
        2025/11/14 1.11b (Carsten Heinz)
    so I'm assuming it got fixed.
(C:\Users\Admin\AppData\Local\Programs\MiKTeX\tex/latex/booktabs\booktabs.sty
Package: booktabs 2020/01/12 v1.61803398 Publication quality tables
\heavyrulewidth=\dimen264
\lightrulewidth=\dimen265
\cmidrulewidth=\dimen266
\belowrulesep=\dimen267
\belowbottomsep=\dimen268
\aboverulesep=\dimen269
\abovetopsep=\dimen270
\cmidrulesep=\dimen271
\cmidrulekern=\dimen272
\defaultaddspace=\dimen273
\@cmidla=\count348
\@cmidlb=\count349
\@aboverulesep=\dimen274
\@belowrulesep=\dimen275
\@thisruleclass=\count350
\@lastruleclass=\count351
\@thisrulewidth=\dimen276
) (C:\Users\Admin\AppData\Local\Programs\MiKTeX\tex/latex/multirow\multirow.sty
Package: multirow 2024/11/12 v2.9 Span multiple rows of a table
\multirow@colwidth=\skip117
\multirow@cntb=\count352
\multirow@dima=\skip118
\bigstrutjot=\dimen277
) (C:\Users\Admin\AppData\Local\Programs\MiKTeX\tex/latex/tools\tabularx.sty
Package: tabularx 2023/12/11 v2.12a `tabularx' package (DPC)
\TX@col@width=\dimen278
\TX@old@table=\dimen279
\TX@old@col=\dimen280
\TX@target=\dimen281
\TX@delta=\dimen282
\TX@cols=\count353
\TX@ftn=\toks40
) (C:\Users\Admin\AppData\Local\Programs\MiKTeX\tex/latex/amsfonts\amssymb.sty
Package: amssymb 2013/01/14 v3.01 AMS font symbols
) (C:\Users\Admin\AppData\Local\Programs\MiKTeX\tex/latex/xcolor\xcolor.sty
Package: xcolor 2024/09/29 v3.02 LaTeX color extensions (UK)
 (C:\Users\Admin\AppData\Local\Programs\MiKTeX\tex/latex/graphics-cfg\color.cfg
File: color.cfg 2016/01/02 v1.6 sample color configuration
)
Package xcolor Info: Driver file: pdftex.def on input line 274.
LaTeX Info: Redefining \color on input line 762.
 (C:\Users\Admin\AppData\Local\Programs\MiKTeX\tex/latex/graphics\mathcolor.ltx)
Package xcolor Info: Model `cmy' substituted by `cmy0' on input line 1349.
Package xcolor Info: Model `hsb' substituted by `rgb' on input line 1353.
Package xcolor Info: Model `RGB' extended on input line 1365.
Package xcolor Info: Model `HTML' substituted by `rgb' on input line 1367.
Package xcolor Info: Model `Hsb' substituted by `hsb' on input line 1368.
Package xcolor Info: Model `tHsb' substituted by `hsb' on input line 1369.
Package xcolor Info: Model `HSB' substituted by `hsb' on input line 1370.
Package xcolor Info: Model `Gray' substituted by `gray' on input line 1371.
Package xcolor Info: Model `wave' substituted by `hsb' on input line 1372.
) (C:\Users\Admin\AppData\Local\Programs\MiKTeX\tex/latex/makecell\makecell.sty
Package: makecell 2009/08/03 V0.1e Managing of Tab Column Heads and Cells
\rotheadsize=\dimen283
\c@nlinenum=\count354
\TeXr@lab=\toks41
) (C:\Users\Admin\AppData\Local\Programs\MiKTeX\tex/latex/threeparttable\threeparttable.sty
Package: threeparttable 2003/06/13  v 3.0
\@tempboxb=\box72
) (C:\Users\Admin\AppData\Local\Programs\MiKTeX\tex/latex/ulem\ulem.sty
\UL@box=\box73
\UL@hyphenbox=\box74
\UL@skip=\skip119
\UL@hook=\toks42
\UL@height=\dimen284
\UL@pe=\count355
\UL@pixel=\dimen285
\ULC@box=\box75
Package: ulem 2019/11/18
\ULdepth=\dimen286
) (C:\Users\Admin\AppData\Local\Programs\MiKTeX\tex/latex/lineno\lineno.sty
Package: lineno 2025/05/13 line numbers on paragraphs v5.5
\linenopenalty=\count356
\output=\toks43
\linenoprevgraf=\count357
\linenumbersep=\dimen287
\linenumberwidth=\dimen288
\c@linenumber=\count358
\c@pagewiselinenumber=\count359
\c@LN@truepage=\count360
\c@internallinenumber=\count361
\c@internallinenumbers=\count362
\quotelinenumbersep=\dimen289
\bframerule=\dimen290
\bframesep=\dimen291
\bframebox=\box76
\@LN@amsmath@ams@eqpen=\count363
) (C:\Users\Admin\AppData\Local\Programs\MiKTeX\tex/latex/csquotes\csquotes.sty
Package: csquotes 2024-04-04 v5.2o context-sensitive quotations (JAW)
\csq@reset=\count364
\csq@gtype=\count365
\csq@glevel=\count366
\csq@qlevel=\count367
\csq@maxlvl=\count368
\csq@tshold=\count369
\csq@ltx@everypar=\toks44
 (C:\Users\Admin\AppData\Local\Programs\MiKTeX\tex/latex/csquotes\csquotes.def
File: csquotes.def 2024-04-04 v5.2o csquotes generic definitions (JAW)
)
Package csquotes Info: Trying to load configuration file 'csquotes.cfg'...
Package csquotes Info: ... configuration file loaded successfully.
 (C:\Users\Admin\AppData\Local\Programs\MiKTeX\tex/latex/csquotes\csquotes.cfg
File: csquotes.cfg 
)) (C:\Users\Admin\AppData\Local\Programs\MiKTeX\tex/latex/psnfss\courier.sty
Package: courier 2020/03/25 PSNFSS-v9.3 (WaS) 
) (C:\Users\Admin\AppData\Local\Programs\MiKTeX\tex/latex/listings\lstlang1.sty
File: lstlang1.sty 2025/11/14 1.11b listings language file
) (C:\Users\Admin\AppData\Local\Programs\MiKTeX\tex/latex/listings\lstlang2.sty
File: lstlang2.sty 2025/11/14 1.11b listings language file
) (C:\Users\Admin\AppData\Local\Programs\MiKTeX\tex/latex/listings\lstlang3.sty
File: lstlang3.sty 2025/11/14 1.11b listings language file
)
Package csquotes Info: Checking for multilingual support...
Package csquotes Info: ... found 'babel' package.
Package csquotes Info: Adjusting default style.
Package csquotes Info: Redefining alias 'default' -> 'polish'.
 (C:\Users\Admin\AppData\Local\Programs\MiKTeX\tex/latex/l3backend\l3backend-pdftex.def
File: l3backend-pdftex.def 2025-10-09 L3 backend support: PDF output (pdfTeX)
\l__color_backend_stack_int=\count370
) (praca.aux
Package babel Info: 'polish' activates 'polish' shorthands.
(babel)             Reported on input line 8.
 (chapters/chapter001.aux) (chapters/chapter002.aux) (chapters/chapter003.aux) (chapters/chapter004.aux) (chapters/chapter005.aux))
\openout1 = `praca.aux'.

LaTeX Font Info:    Checking defaults for OML/cmm/m/it on input line 209.
LaTeX Font Info:    ... okay on input line 209.
LaTeX Font Info:    Checking defaults for OMS/cmsy/m/n on input line 209.
LaTeX Font Info:    ... okay on input line 209.
LaTeX Font Info:    Checking defaults for OT1/cmr/m/n on input line 209.
LaTeX Font Info:    ... okay on input line 209.
LaTeX Font Info:    Checking defaults for T1/cmr/m/n on input line 209.
LaTeX Font Info:    ... okay on input line 209.
LaTeX Font Info:    Checking defaults for TS1/cmr/m/n on input line 209.
LaTeX Font Info:    ... okay on input line 209.
LaTeX Font Info:    Checking defaults for OMX/cmex/m/n on input line 209.
LaTeX Font Info:    ... okay on input line 209.
LaTeX Font Info:    Checking defaults for U/cmr/m/n on input line 209.
LaTeX Font Info:    ... okay on input line 209.
LaTeX Font Info:    Checking defaults for PD1/pdf/m/n on input line 209.
LaTeX Font Info:    ... okay on input line 209.
LaTeX Font Info:    Checking defaults for PU/pdf/m/n on input line 209.
LaTeX Font Info:    ... okay on input line 209.
 (C:\Users\Admin\AppData\Local\Programs\MiKTeX\tex/context/base/mkii\supp-pdf.mkii
[Loading MPS to PDF converter (version 2006.09.02).]
\scratchcounter=\count371
\scratchdimen=\dimen292
\scratchbox=\box77
\nofMPsegments=\count372
\nofMParguments=\count373
\everyMPshowfont=\toks45
\MPscratchCnt=\count374
\MPscratchDim=\dimen293
\MPnumerator=\count375
\makeMPintoPDFobject=\count376
\everyMPtoPDFconversion=\toks46
) (C:\Users\Admin\AppData\Local\Programs\MiKTeX\tex/latex/epstopdf-pkg\epstopdf-base.sty
Package: epstopdf-base 2020-01-24 v2.11 Base part for package epstopdf
Package epstopdf-base Info: Redefining graphics rule for `.eps' on input line 485.
 (C:\Users\Admin\AppData\Local\Programs\MiKTeX\tex/latex/00miktex\epstopdf-sys.cfg
File: epstopdf-sys.cfg 2021/03/18 v2.0 Configuration of epstopdf for MiKTeX
))
*geometry* driver: auto-detecting
*geometry* detected driver: pdftex
*geometry* verbose mode - [ preamble ] result:
* driver: pdftex
* paper: <default>
* layout: <same size as paper>
* layoutoffset:(h,v)=(0.0pt,0.0pt)
* modes: twoside 
* h-part:(L,W,R)=(99.58464pt, 426.79135pt, 71.13188pt)
* v-part:(T,H,B)=(71.13188pt, 702.78308pt, 71.13188pt)
* \paperwidth=597.50787pt
* \paperheight=845.04684pt
* \textwidth=426.79135pt
* \textheight=702.78308pt
* \oddsidemargin=27.31465pt
* \evensidemargin=-1.1381pt
* \topmargin=-54.59085pt
* \headheight=28.45274pt
* \headsep=25.0pt
* \topskip=10.0pt
* \footskip=28.45274pt
* \marginparwidth=111.0pt
* \marginparsep=11.0pt
* \columnsep=10.0pt
* \skip\footins=9.0pt plus 4.0pt minus 2.0pt
* \hoffset=0.0pt
* \voffset=0.0pt
* \mag=1000
* \@twocolumnfalse
* \@twosidetrue
* \@mparswitchtrue
* \@reversemarginfalse
* (1in=72.27pt=25.4mm, 1cm=28.453pt)

Package caption Info: Begin \AtBeginDocument code.
Package caption Info: float package is loaded.
Package caption Info: hyperref package is loaded.
Package caption Info: listings package is loaded.
Package caption Info: threeparttable package is loaded.
Package caption Info: End \AtBeginDocument code.
(C:\Users\Admin\AppData\Local\Programs\MiKTeX\tex/latex/translations/dicts\translations-basic-dictionary-polish.trsl
File: translations-basic-dictionary-polish.trsl (polish translation file `translations-basic-dictionary')
)
Package translations Info: loading dictionary `translations-basic-dictionary' for `polish'. on input line 209.
 (C:\Users\Admin\AppData\Local\Programs\MiKTeX\tex/latex/translations/dicts\translations-basic-dictionary-english.trsl
File: translations-basic-dictionary-english.trsl (english translation file `translations-basic-dictionary')
)
Package translations Info: loading dictionary `translations-basic-dictionary' for `english'. on input line 209.
Package hyperref Info: Link coloring OFF on input line 209.
 (praca.out) (praca.out)
\@outlinefile=\write3
\openout3 = `praca.out'.

\c@lstlisting=\count377
LaTeX Font Info:    Trying to load font information for T1+phv on input line 211.
 (C:\Users\Admin\AppData\Local\Programs\MiKTeX\tex/latex/psnfss\t1phv.fd
File: t1phv.fd 2020/03/25 scalable font definitions for T1/phv.
)
LaTeX Font Info:    Trying to load font information for U+msa on input line 211.
 (C:\Users\Admin\AppData\Local\Programs\MiKTeX\tex/latex/amsfonts\umsa.fd
File: umsa.fd 2013/01/14 v3.01 AMS symbols A
)
LaTeX Font Info:    Trying to load font information for U+msb on input line 211.
 (C:\Users\Admin\AppData\Local\Programs\MiKTeX\tex/latex/amsfonts\umsb.fd
File: umsb.fd 2013/01/14 v3.01 AMS symbols B
)
<figures/ur.jpg, id=83, 134.00063pt x 134.00063pt>
File: figures/ur.jpg Graphic file (type jpg)
<use figures/ur.jpg>
Package pdftex.def Info: figures/ur.jpg  used on input line 211.
(pdftex.def)             Requested size: 93.79977pt x 93.79977pt.

Overfull \hbox (1.90001pt too wide) in paragraph at lines 211--211
$[]$  $[]$ 
 []

LaTeX Font Info:    Font shape `T1/phv/m/it' in size <14.4> not available
(Font)              Font shape `T1/phv/m/sl' tried instead on input line 211.
[1

{C:/Users/Admin/AppData/Local/MiKTeX/fonts/map/pdftex/pdftex.map}{C:/Users/Admin/AppData/Local/Programs/MiKTeX/fonts/enc/dvips/base/8r.enc} <./figures/ur.jpg>]
pdfTeX warning (ext4): destination with the same identifier (name{page.1}) has been already used, duplicate ignored
<to be read again> 
                   \relax 
l.211 \titlepages
                  [1


] (praca.toc)
\tf@toc=\write4
\openout4 = `praca.toc'.

 [5

]
\openout2 = `chapters/chapter001.aux'.

 (chapters/chapter001.tex
Rozdzia\l  1.
) [6



]
\openout2 = `chapters/chapter002.aux'.

 (chapters/chapter002.tex
Rozdzia\l  2.
LaTeX Font Info:    Trying to load font information for TS1+ptm on input line 6.
(C:\Users\Admin\AppData\Local\Programs\MiKTeX\tex/latex/psnfss\ts1ptm.fd
File: ts1ptm.fd 2001/06/04 font definitions for TS1/ptm.
) [7




])
Package babel Info: 'polish' activates 'polish' shorthands.
(babel)             Reported on input line 231.
 [8]
\openout2 = `chapters/chapter003.aux'.

 (chapters/chapter003.tex
Rozdzia\l  3.
[9




]
<figures/Figma/Main_D.png, id=140, 1445.4pt x 776.9025pt>
File: figures/Figma/Main_D.png Graphic file (type png)
<use figures/Figma/Main_D.png>
Package pdftex.def Info: figures/Figma/Main_D.png  used on input line 49.
(pdftex.def)             Requested size: 426.79135pt x 229.39763pt.
<figures/Figma/Main_M.png, id=142, 1445.4pt x 776.9025pt>
File: figures/Figma/Main_M.png Graphic file (type png)
<use figures/Figma/Main_M.png>
Package pdftex.def Info: figures/Figma/Main_M.png  used on input line 55.
(pdftex.def)             Requested size: 426.79135pt x 229.39763pt.
<figures/Figma/Admin_D.png, id=143, 1445.4pt x 776.9025pt>
File: figures/Figma/Admin_D.png Graphic file (type png)
<use figures/Figma/Admin_D.png>
Package pdftex.def Info: figures/Figma/Admin_D.png  used on input line 61.
(pdftex.def)             Requested size: 426.79135pt x 229.39763pt.

Underfull \vbox (badness 1831) has occurred while \output is active []

 [10 <./figures/Figma/Main_D.png> <./figures/Figma/Main_M.png>]
<figures/Figma/Admin_M.png, id=152, 1445.4pt x 776.9025pt>
File: figures/Figma/Admin_M.png Graphic file (type png)
<use figures/Figma/Admin_M.png>
Package pdftex.def Info: figures/Figma/Admin_M.png  used on input line 67.
(pdftex.def)             Requested size: 426.79135pt x 229.39763pt.
 [11 <./figures/Figma/Admin_D.png> <./figures/Figma/Admin_M.png>]
<figures/Figma/Paletakolorow.png, id=161, 2377.38188pt x 1803.73875pt>
File: figures/Figma/Paletakolorow.png Graphic file (type png)
<use figures/Figma/Paletakolorow.png>
Package pdftex.def Info: figures/Figma/Paletakolorow.png  used on input line 86.
(pdftex.def)             Requested size: 426.79135pt x 323.80576pt.
<figures/Komponenty/Navbar_D.png, id=162, 2161.32469pt x 166.37157pt>
File: figures/Komponenty/Navbar_D.png Graphic file (type png)
<use figures/Komponenty/Navbar_D.png>
Package pdftex.def Info: figures/Komponenty/Navbar_D.png  used on input line 114.
(pdftex.def)             Requested size: 426.79135pt x 32.8523pt.

Underfull \vbox (badness 5217) has occurred while \output is active []

 [12 <./figures/Figma/Paletakolorow.png>]
<figures/Komponenty/Navbar_M.png, id=169, 665.48625pt x 381.67593pt>
File: figures/Komponenty/Navbar_M.png Graphic file (type png)
<use figures/Komponenty/Navbar_M.png>
Package pdftex.def Info: figures/Komponenty/Navbar_M.png  used on input line 120.
(pdftex.def)             Requested size: 426.79135pt x 244.77844pt.
<figures/Komponenty/Stopka_D.png, id=170, 2166.59438pt x 534.49687pt>
File: figures/Komponenty/Stopka_D.png Graphic file (type png)
<use figures/Komponenty/Stopka_D.png>
Package pdftex.def Info: figures/Komponenty/Stopka_D.png  used on input line 126.
(pdftex.def)             Requested size: 426.79135pt x 105.28264pt.
<figures/Komponenty/Sidebar_D.png, id=171, 355.3275pt x 1626.075pt>
File: figures/Komponenty/Sidebar_D.png Graphic file (type png)
<use figures/Komponenty/Sidebar_D.png>
Package pdftex.def Info: figures/Komponenty/Sidebar_D.png  used on input line 132.
(pdftex.def)             Requested size: 128.0387pt x 585.95723pt.

Underfull \vbox (badness 10000) has occurred while \output is active []

 [13 <./figures/Komponenty/Navbar_D.png> <./figures/Komponenty/Navbar_M.png> <./figures/Komponenty/Stopka_D.png>] [14 <./figures/Komponenty/Sidebar_D.png>] [15]) [16]
\openout2 = `chapters/chapter004.aux'.

 (chapters/chapter004.tex
Rozdzia\l  4.
[17




]
<figures/Main/fig_001.png, id=204, 1444.39626pt x 2374.8725pt>
File: figures/Main/fig_001.png Graphic file (type png)
<use figures/Main/fig_001.png>
Package pdftex.def Info: figures/Main/fig_001.png  used on input line 28.
(pdftex.def)             Requested size: 285.94942pt x 470.14648pt.
<figures/Main/fig_002.png, id=205, 416.55624pt x 1820.8025pt>
File: figures/Main/fig_002.png Graphic file (type png)
<use figures/Main/fig_002.png>
Package pdftex.def Info: figures/Main/fig_002.png  used on input line 34.
(pdftex.def)             Requested size: 106.69783pt x 466.36835pt.
 [18 <./figures/Main/fig_001.png> <./figures/Main/fig_002.png>]
<figures/Main/fig_003.png, id=213, 1445.4pt x 1997.4625pt>
File: figures/Main/fig_003.png Graphic file (type png)
<use figures/Main/fig_003.png>
Package pdftex.def Info: figures/Main/fig_003.png  used on input line 48.
(pdftex.def)             Requested size: 285.94942pt x 395.15744pt.
<figures/Main/fig_004.png, id=214, 415.5525pt x 2620.79124pt>
File: figures/Main/fig_004.png Graphic file (type png)
<use figures/Main/fig_004.png>
Package pdftex.def Info: figures/Main/fig_004.png  used on input line 54.
(pdftex.def)             Requested size: 64.01608pt x 403.69908pt.
 [19 <./figures/Main/fig_003.png> <./figures/Main/fig_004.png>] [20]
<figures/Main/fig_005.png, id=226, 1445.4pt x 1604.99625pt>
File: figures/Main/fig_005.png Graphic file (type png)
<use figures/Main/fig_005.png>
Package pdftex.def Info: figures/Main/fig_005.png  used on input line 80.
(pdftex.def)             Requested size: 311.55586pt x 345.94911pt.
<figures/Main/fig_006.png, id=227, 403.5075pt x 1348.03625pt>
File: figures/Main/fig_006.png Graphic file (type png)
<use figures/Main/fig_006.png>
Package pdftex.def Info: figures/Main/fig_006.png  used on input line 86.
(pdftex.def)             Requested size: 106.69783pt x 356.44627pt.
 [21 <./figures/Main/fig_005.png> <./figures/Main/fig_006.png>] [22]
<figures/Kreator Pizzy/fig_007.png, id=240, 1455.4375pt x 1558.82375pt>
File: figures/Kreator Pizzy/fig_007.png Graphic file (type png)
<use figures/Kreator Pizzy/fig_007.png>
Package pdftex.def Info: figures/Kreator Pizzy/fig_007.png  used on input line 117.
(pdftex.def)             Requested size: 311.55586pt x 333.68965pt.
<figures/Kreator Pizzy/fig_008.png, id=241, 415.5525pt x 2039.62pt>
File: figures/Kreator Pizzy/fig_008.png Graphic file (type png)
<use figures/Kreator Pizzy/fig_008.png>
Package pdftex.def Info: figures/Kreator Pizzy/fig_008.png  used on input line 123.
(pdftex.def)             Requested size: 110.9634pt x 544.63597pt.
 [23

 <./figures/Kreator Pizzy/fig_007.png> <./figures/Kreator Pizzy/fig_008.png>]
<figures/Kreator Pizzy/fig_009.png, id=249, 1456.44125pt x 1541.76pt>
File: figures/Kreator Pizzy/fig_009.png Graphic file (type png)
<use figures/Kreator Pizzy/fig_009.png>
Package pdftex.def Info: figures/Kreator Pizzy/fig_009.png  used on input line 137.
(pdftex.def)             Requested size: 311.55586pt x 329.80164pt.
<figures/Kreator Pizzy/fig_010.png, id=250, 415.5525pt x 1970.36125pt>
File: figures/Kreator Pizzy/fig_010.png Graphic file (type png)
<use figures/Kreator Pizzy/fig_010.png>
Package pdftex.def Info: figures/Kreator Pizzy/fig_010.png  used on input line 143.
(pdftex.def)             Requested size: 106.69783pt x 505.90802pt.
 [24

 <./figures/Kreator Pizzy/fig_009.png> <./figures/Kreator Pizzy/fig_010.png>]
<figures/Kreator Pizzy/fig_011.png, id=258, 1455.4375pt x 1514.65875pt>
File: figures/Kreator Pizzy/fig_011.png Graphic file (type png)
<use figures/Kreator Pizzy/fig_011.png>
Package pdftex.def Info: figures/Kreator Pizzy/fig_011.png  used on input line 157.
(pdftex.def)             Requested size: 311.55586pt x 324.23546pt.
<figures/Kreator Pizzy/fig_012.png, id=259, 415.5525pt x 1707.37875pt>
File: figures/Kreator Pizzy/fig_012.png Graphic file (type png)
<use figures/Kreator Pizzy/fig_012.png>
Package pdftex.def Info: figures/Kreator Pizzy/fig_012.png  used on input line 163.
(pdftex.def)             Requested size: 106.69783pt x 438.38489pt.
 [25

 <./figures/Kreator Pizzy/fig_011.png> <./figures/Kreator Pizzy/fig_012.png>]
<figures/Kreator Pizzy/fig_013.png, id=267, 1455.4375pt x 1801.73125pt>
File: figures/Kreator Pizzy/fig_013.png Graphic file (type png)
<use figures/Kreator Pizzy/fig_013.png>
Package pdftex.def Info: figures/Kreator Pizzy/fig_013.png  used on input line 177.
(pdftex.def)             Requested size: 311.55586pt x 385.68765pt.
<figures/Kreator Pizzy/fig_014.png, id=268, 415.5525pt x 3159.805pt>
File: figures/Kreator Pizzy/fig_014.png Graphic file (type png)
<use figures/Kreator Pizzy/fig_014.png>
Package pdftex.def Info: figures/Kreator Pizzy/fig_014.png  used on input line 183.
(pdftex.def)             Requested size: 85.35696pt x 649.0178pt.
 [26

 <./figures/Kreator Pizzy/fig_013.png> <./figures/Kreator Pizzy/fig_014.png>] [27]
<figures/Klient/fig_021.png, id=281, 1445.4pt x 1384.17125pt>
File: figures/Klient/fig_021.png Graphic file (type png)
<use figures/Klient/fig_021.png>
Package pdftex.def Info: figures/Klient/fig_021.png  used on input line 221.
(pdftex.def)             Requested size: 298.75264pt x 286.10135pt.
<figures/Klient/fig_022.png, id=282, 415.5525pt x 1117.17375pt>
File: figures/Klient/fig_022.png Graphic file (type png)
<use figures/Klient/fig_022.png>
Package pdftex.def Info: figures/Klient/fig_022.png  used on input line 227.
(pdftex.def)             Requested size: 119.50105pt x 321.26167pt.
 [28

 <./figures/Klient/fig_021.png> <./figures/Klient/fig_022.png>]
<figures/Klient/fig_015.png, id=290, 1445.4pt x 1384.17125pt>
File: figures/Klient/fig_015.png Graphic file (type png)
<use figures/Klient/fig_015.png>
Package pdftex.def Info: figures/Klient/fig_015.png  used on input line 240.
(pdftex.def)             Requested size: 311.55586pt x 298.35136pt.
<figures/Klient/fig_016.png, id=291, 415.5525pt x 1960.32375pt>
File: figures/Klient/fig_016.png Graphic file (type png)
<use figures/Klient/fig_016.png>
Package pdftex.def Info: figures/Klient/fig_016.png  used on input line 246.
(pdftex.def)             Requested size: 85.35696pt x 402.64668pt.
 [29

 <./figures/Klient/fig_015.png> <./figures/Klient/fig_016.png>]
<figures/Klient/fig_017.png, id=299, 1445.4pt x 1384.17125pt>
File: figures/Klient/fig_017.png Graphic file (type png)
<use figures/Klient/fig_017.png>
Package pdftex.def Info: figures/Klient/fig_017.png  used on input line 260.
(pdftex.def)             Requested size: 311.55586pt x 298.35136pt.
<figures/Klient/fig_018.png, id=300, 415.5525pt x 2057.6875pt>
File: figures/Klient/fig_018.png Graphic file (type png)
<use figures/Klient/fig_018.png>
Package pdftex.def Info: figures/Klient/fig_018.png  used on input line 266.
(pdftex.def)             Requested size: 85.35696pt x 422.64502pt.
 [30

 <./figures/Klient/fig_017.png> <./figures/Klient/fig_018.png>]
<figures/Klient/fig_019.png, id=308, 1445.4pt x 1446.40375pt>
File: figures/Klient/fig_019.png Graphic file (type png)
<use figures/Klient/fig_019.png>
Package pdftex.def Info: figures/Klient/fig_019.png  used on input line 280.
(pdftex.def)             Requested size: 311.55586pt x 311.76527pt.
<figures/Klient/fig_020.png, id=309, 405.515pt x 1840.8775pt>
File: figures/Klient/fig_020.png Graphic file (type png)
<use figures/Klient/fig_020.png>
Package pdftex.def Info: figures/Klient/fig_020.png  used on input line 286.
(pdftex.def)             Requested size: 85.35696pt x 387.46646pt.
 [31

 <./figures/Klient/fig_019.png> <./figures/Klient/fig_020.png>] [32]
<figures/Admin/fig_023.png, id=321, 1445.4pt x 1084.05pt>
File: figures/Admin/fig_023.png Graphic file (type png)
<use figures/Admin/fig_023.png>
Package pdftex.def Info: figures/Admin/fig_023.png  used on input line 312.
(pdftex.def)             Requested size: 311.55586pt x 233.6617pt.
<figures/Admin/fig_024.png, id=322, 403.5075pt x 1204.5pt>
File: figures/Admin/fig_024.png Graphic file (type png)
<use figures/Admin/fig_024.png>
Package pdftex.def Info: figures/Admin/fig_024.png  used on input line 318.
(pdftex.def)             Requested size: 85.35696pt x 254.79037pt.
 [33

 <./figures/Admin/fig_023.png> <./figures/Admin/fig_024.png>] [34]
<figures/Admin/fig_025.png, id=335, 1445.4pt x 1666.225pt>
File: figures/Admin/fig_025.png Graphic file (type png)
<use figures/Admin/fig_025.png>
Package pdftex.def Info: figures/Admin/fig_025.png  used on input line 337.
(pdftex.def)             Requested size: 311.55586pt x 359.14668pt.
<figures/Admin/fig_026.png, id=336, 403.5075pt x 2369.85374pt>
File: figures/Admin/fig_026.png Graphic file (type png)
<use figures/Admin/fig_026.png>
Package pdftex.def Info: figures/Admin/fig_026.png  used on input line 343.
(pdftex.def)             Requested size: 85.35696pt x 501.30008pt.
 [35

 <./figures/Admin/fig_025.png> <./figures/Admin/fig_026.png>]
<figures/Admin/fig_027.png, id=344, 1445.4pt x 1084.05pt>
File: figures/Admin/fig_027.png Graphic file (type png)
<use figures/Admin/fig_027.png>
Package pdftex.def Info: figures/Admin/fig_027.png  used on input line 356.
(pdftex.def)             Requested size: 311.55586pt x 233.6617pt.
<figures/Admin/fig_028.png, id=345, 403.5075pt x 1444.39626pt>
File: figures/Admin/fig_028.png Graphic file (type png)
<use figures/Admin/fig_028.png>
Package pdftex.def Info: figures/Admin/fig_028.png  used on input line 362.
(pdftex.def)             Requested size: 85.35696pt x 305.53613pt.
 [36

 <./figures/Admin/fig_027.png> <./figures/Admin/fig_028.png>]
<figures/Admin/fig_029.png, id=353, 1445.4pt x 1084.05pt>
File: figures/Admin/fig_029.png Graphic file (type png)
<use figures/Admin/fig_029.png>
Package pdftex.def Info: figures/Admin/fig_029.png  used on input line 375.
(pdftex.def)             Requested size: 311.55586pt x 233.6617pt.
<figures/Admin/fig_030.png, id=354, 411.5375pt x 1093.08376pt>
File: figures/Admin/fig_030.png Graphic file (type png)
<use figures/Admin/fig_030.png>
Package pdftex.def Info: figures/Admin/fig_030.png  used on input line 381.
(pdftex.def)             Requested size: 85.35696pt x 226.71892pt.
 [37

 <./figures/Admin/fig_029.png> <./figures/Admin/fig_030.png>]
<figures/Admin/fig_031.png, id=362, 1445.4pt x 1084.05pt>
File: figures/Admin/fig_031.png Graphic file (type png)
<use figures/Admin/fig_031.png>
Package pdftex.def Info: figures/Admin/fig_031.png  used on input line 394.
(pdftex.def)             Requested size: 311.55586pt x 233.6617pt.
<figures/Admin/fig_032.png, id=363, 403.5075pt x 877.2775pt>
File: figures/Admin/fig_032.png Graphic file (type png)
<use figures/Admin/fig_032.png>
Package pdftex.def Info: figures/Admin/fig_032.png  used on input line 400.
(pdftex.def)             Requested size: 85.35696pt x 185.57233pt.
 [38

 <./figures/Admin/fig_031.png> <./figures/Admin/fig_032.png>]
<figures/Admin/fig_033.png, id=371, 1445.4pt x 1415.2875pt>
File: figures/Admin/fig_033.png Graphic file (type png)
<use figures/Admin/fig_033.png>
Package pdftex.def Info: figures/Admin/fig_033.png  used on input line 413.
(pdftex.def)             Requested size: 311.55586pt x 305.05832pt.
<figures/Admin/fig_034.png, id=372, 403.5075pt x 1596.96625pt>
File: figures/Admin/fig_034.png Graphic file (type png)
<use figures/Admin/fig_034.png>
Package pdftex.def Info: figures/Admin/fig_034.png  used on input line 419.
(pdftex.def)             Requested size: 85.35696pt x 337.80959pt.
 [39

 <./figures/Admin/fig_033.png> <./figures/Admin/fig_034.png>]
<figures/Admin/fig_035.png, id=381, 1445.4pt x 931.48pt>
File: figures/Admin/fig_035.png Graphic file (type png)
<use figures/Admin/fig_035.png>
Package pdftex.def Info: figures/Admin/fig_035.png  used on input line 432.
(pdftex.def)             Requested size: 311.55586pt x 200.77597pt.
<figures/Admin/fig_036.png, id=382, 403.5075pt x 1483.5425pt>
File: figures/Admin/fig_036.png Graphic file (type png)
<use figures/Admin/fig_036.png>
Package pdftex.def Info: figures/Admin/fig_036.png  used on input line 438.
(pdftex.def)             Requested size: 85.35696pt x 313.81682pt.
 [40

 <./figures/Admin/fig_035.png> <./figures/Admin/fig_036.png>] [41]
<figures/Admin/fig_037.png, id=394, 1445.4pt x 1157.32375pt>
File: figures/Admin/fig_037.png Graphic file (type png)
<use figures/Admin/fig_037.png>
Package pdftex.def Info: figures/Admin/fig_037.png  used on input line 461.
(pdftex.def)             Requested size: 311.55586pt x 249.45549pt.
<figures/Admin/fig_038.png, id=395, 403.5075pt x 877.2775pt>
File: figures/Admin/fig_038.png Graphic file (type png)
<use figures/Admin/fig_038.png>
Package pdftex.def Info: figures/Admin/fig_038.png  used on input line 467.
(pdftex.def)             Requested size: 85.35696pt x 185.57233pt.
 [42

 <./figures/Admin/fig_037.png> <./figures/Admin/fig_038.png>] [43]
<figures/Admin/fig_039.png, id=407, 1445.4pt x 865.2325pt>
File: figures/Admin/fig_039.png Graphic file (type png)
<use figures/Admin/fig_039.png>
Package pdftex.def Info: figures/Admin/fig_039.png  used on input line 489.
(pdftex.def)             Requested size: 311.55586pt x 186.49664pt.
<figures/Admin/fig_040.png, id=408, 422.57875pt x 898.35625pt>
File: figures/Admin/fig_040.png Graphic file (type png)
<use figures/Admin/fig_040.png>
Package pdftex.def Info: figures/Admin/fig_040.png  used on input line 495.
(pdftex.def)             Requested size: 85.35696pt x 181.45007pt.
 [44

 <./figures/Admin/fig_039.png> <./figures/Admin/fig_040.png>])
\openout2 = `chapters/chapter005.aux'.

 (chapters/chapter005.tex
Rozdzia\l  5.
) [45




]

Package hyperref Warning: The anchor of a bookmark and its parent's must not
(hyperref)                be the same. Added a new anchor on input line 249.

(praca.lof)
\tf@lof=\write5
\openout5 = `praca.lof'.

 [46



] (praca.aux (chapters/chapter001.aux) (chapters/chapter002.aux) (chapters/chapter003.aux) (chapters/chapter004.aux) (chapters/chapter005.aux))
 ***********
LaTeX2e <2025-11-01>
L3 programming layer <2025-12-24>
 ***********
Package rerunfilecheck Info: File `praca.out' has not changed.
(rerunfilecheck)             Checksum: 84EADA66D586D933F02BC7B41F5CF355;3784.
 ) 
Here is how much of TeX's memory you used:
 23329 strings out of 467871
 450062 string characters out of 5418377
 1005692 words of memory out of 5000000
 51750 multiletter control sequences out of 15000+600000
 686624 words of font info for 88 fonts, out of 8000000 for 9000
 1141 hyphenation exceptions out of 8191
 88i,12n,94p,1557b,1196s stack positions out of 10000i,1000n,20000p,200000b,200000s
<C:/Users/Admin/AppData/Local/Programs/MiKTeX/fonts/type1/urw/helvetic/uhvb8a.pfb><C:/Users/Admin/AppData/Local/Programs/MiKTeX/fonts/type1/urw/helvetic/uhvr8a.pfb><C:/Users/Admin/AppData/Local/Programs/MiKTeX/fonts/type1/urw/helvetic/uhvro8a.pfb><C:/Users/Admin/AppData/Local/Programs/MiKTeX/fonts/type1/urw/times/utmb8a.pfb><C:/Users/Admin/AppData/Local/Programs/MiKTeX/fonts/type1/urw/times/utmr8a.pfb><C:/Users/Admin/AppData/Local/Programs/MiKTeX/fonts/type1/urw/times/utmr8a.pfb><C:/Users/Admin/AppData/Local/Programs/MiKTeX/fonts/type1/urw/times/utmri8a.pfb>
Output written on praca.pdf (44 pages, 10985310 bytes).
PDF statistics:
 509 PDF objects out of 1000 (max. 8388607)
 96 named destinations out of 1000 (max. 500000)
 411 words of extra memory for PDF output out of 10000 (max. 10000000)

